[    0.000000] Booting Linux on physical CPU 0x0
[    0.000000] Initializing cgroup subsys cpuset
[    0.000000] Initializing cgroup subsys cpu
[    0.000000] Initializing cgroup subsys cpuacct
[    0.000000] Linux version 4.4.154 (george@manga) (gcc version 6.3.1 20170404 (Linaro GCC 6.3-2017.05) ) #3 Mon Nov 12 20:23:04 IST 2018
[    0.000000] CPU: ARMv7 Processor [410fc075] revision 5 (ARMv7), cr=10c53c7d
[    0.000000] CPU: PIPT / VIPT nonaliasing data cache, VIPT aliasing instruction cache
[    0.000000] Machine model: Rockchip RK3229 Evaluation board
[    0.000000] earlycon: Early serial console at MMIO32 0x11030000 (options '')
[    0.000000] bootconsole [uart0] enabled
[    0.000000] Reserved memory: failed to reserve memory for node 'drm-logo@00000000': base 0x00000000, size 0 MiB
[    0.000000] Reserved memory: failed to reserve memory for node 'secure-memory@80000000': base 0x80000000, size 0 MiB
[    0.000000] cma: Reserved 16 MiB at 0xdf000000
[    0.000000] Memory policy: Data cache writeback
[    0.000000] On node 0 totalpages: 520704
[    0.000000] free_area_init_node: node 0, pgdat c10cd204, node_mem_map eeffa000
[    0.000000]   Normal zone: 1536 pages used for memmap
[    0.000000]   Normal zone: 0 pages reserved
[    0.000000]   Normal zone: 193024 pages, LIFO batch:31
[    0.000000]   HighMem zone: 327680 pages, LIFO batch:31
[    0.000000] ------------[ cut here ]------------
[    0.000000] WARNING: CPU: 0 PID: 0 at arch/arm/kernel/devtree.c:157 arm_dt_init_cpu_maps+0x19c/0x1d4()
[    0.000000] DT /cpu 2 nodes greater than max cores 1, capping them
[    0.000000] Modules linked in:
[    0.000000] CPU: 0 PID: 0 Comm: swapper Not tainted 4.4.154 #3
[    0.000000] Hardware name: Generic DT based system
[    0.000000] [<c010e82c>] (unwind_backtrace) from [<c010c0d4>] (show_stack+0x20/0x24)
[    0.000000] [<c010c0d4>] (show_stack) from [<c03d0a4c>] (dump_stack+0x20/0x28)
[    0.000000] [<c03d0a4c>] (dump_stack) from [<c011b73c>] (warn_slowpath_common+0x98/0xc0)
[    0.000000] [<c011b73c>] (warn_slowpath_common) from [<c011b7a4>] (warn_slowpath_fmt+0x40/0x48)
[    0.000000] [<c011b7a4>] (warn_slowpath_fmt) from [<c0f0540c>] (arm_dt_init_cpu_maps+0x19c/0x1d4)
[    0.000000] [<c0f0540c>] (arm_dt_init_cpu_maps) from [<c0f04928>] (setup_arch+0x580/0x748)
[    0.000000] [<c0f04928>] (setup_arch) from [<c0f00a14>] (start_kernel+0x88/0x3f8)
[    0.000000] [<c0f00a14>] (start_kernel) from [<60008078>] (0x60008078)
[    0.000000] ---[ end trace cb88537fdc8fa200 ]---
[    0.000000] DT missing boot CPU MPIDR[23:0], fall back to default cpu_logical_map
[    0.000000] psci: probing for conduit method from DT.
[    0.000000] psci: PSCIv65535.65535 detected in firmware.
[    0.000000] psci: Using standard PSCI v0.2 function IDs
[    0.000000] psci: MIGRATE_INFO_TYPE not supported.
[    0.000000] CPU: All CPU(s) started in SVC mode.
[    0.000000] pcpu-alloc: s0 r0 d32768 u32768 alloc=1*32768
[    0.000000] pcpu-alloc: [0] 0 
[    0.000000] Built 1 zonelists in Zone order, mobility grouping on.  Total pages: 519168
[    0.000000] Kernel command line: dyndbg="init/initramfs.c +p" earlycon=uart8250,mmio32,0x11030000 console=ttyS2,1500000n8 console=tty0 console=uart0 rw root=/dev/mmcblk0p1 rootfstype=ext4 storagetype=mmc init=/sbin/init rootwait 
[    0.000000] PID hash table entries: 4096 (order: 2, 16384 bytes)
[    0.000000] Dentry cache hash table entries: 131072 (order: 7, 524288 bytes)
[    0.000000] Inode-cache hash table entries: 65536 (order: 6, 262144 bytes)
[    0.000000] Memory: 2031192K/2082816K available (10240K kernel code, 972K rwdata, 3040K rodata, 1024K init, 570K bss, 35240K reserved, 16384K cma-reserved, 1294336K highmem)
[    0.000000] Virtual kernel memory layout:
                   vector  : 0xffff0000 - 0xffff1000   (   4 kB)
                   fixmap  : 0xffc00000 - 0xfff00000   (3072 kB)
                   vmalloc : 0xf0800000 - 0xff800000   ( 240 MB)
                   lowmem  : 0xc0000000 - 0xf0000000   ( 768 MB)
                   pkmap   : 0xbfe00000 - 0xc0000000   (   2 MB)
                   modules : 0xbf000000 - 0xbfe00000   (  14 MB)
                     .text : 0xc0008000 - 0xc0b00000   (11232 kB)
                     .init : 0xc0f00000 - 0xc1000000   (1024 kB)
                     .data : 0xc1000000 - 0xc10f3310   ( 973 kB)
                      .bss : 0xc10f5000 - 0xc1183878   ( 571 kB)
[    0.000000] SLUB: HWalign=64, Order=0-3, MinObjects=0, CPUs=1, Nodes=1
[    0.000000] NR_IRQS:16 nr_irqs:16 16
[    0.000000] rockchip_clk_register_branches: unknown clock type 9
[    0.000000] rockchip_mmc_get_phase: invalid clk rate
[    0.000000] rockchip_mmc_get_phase: invalid clk rate
[    0.000000] rockchip_mmc_get_phase: invalid clk rate
[    0.000000] rockchip_mmc_get_phase: invalid clk rate
[    0.000000] rockchip_mmc_get_phase: invalid clk rate
[    0.000000] rockchip_mmc_get_phase: invalid clk rate
[    0.000000] Architected cp15 timer(s) running at 24.00MHz (virt).
[    0.000000] clocksource: arch_sys_counter: mask: 0xffffffffffffff max_cycles: 0x588fe9dc0, max_idle_ns: 440795202592 ns
[    0.000007] sched_clock: 56 bits at 24MHz, resolution 41ns, wraps every 4398046511097ns
[    0.000727] Switching to timer-based delay loop, resolution 41ns
[    0.002685] Console: colour dummy device 80x30
[    0.004824] console [tty0] enabled
[    0.005183] Calibrating delay loop (skipped), value calculated using timer frequency.. 48.00 BogoMIPS (lpj=240000)
[    0.006154] pid_max: default: 32768 minimum: 301
[    0.006681] Security Framework initialized
[    0.007076] Yama: becoming mindful.
[    0.007496] Mount-cache hash table entries: 2048 (order: 1, 8192 bytes)
[    0.008119] Mountpoint-cache hash table entries: 2048 (order: 1, 8192 bytes)
[    0.009786] Initializing cgroup subsys devices
[    0.010247] Initializing cgroup subsys freezer
[    0.010701] CPU: Testing write buffer coherency: ok
[    0.011212] ftrace: allocating 38294 entries in 113 pages
[    0.087555] Setting up static identity map for 0x60100000 - 0x60100058
[    0.094736] dynamic_debug:ddebug_parse_query: expecting pairs of match-spec <value>
[    0.095502] dynamic_debug:ddebug_exec_query: query parse failed
[    0.097318] devtmpfs: initialized
[    0.112702] VFP support v0.3: implementor 41 architecture 2 part 30 variant 7 rev 5
[    0.113995] clocksource: jiffies: mask: 0xffffffff max_cycles: 0xffffffff, max_idle_ns: 19112604462750000 ns
[    0.114965] futex hash table entries: 256 (order: 0, 7168 bytes)
[    0.116886] pinctrl core: initialized pinctrl subsystem
[    0.119326] NET: Registered protocol family 16
[    0.121636] DMA: preallocated 256 KiB pool for atomic coherent allocations
[    0.123717] cpuidle: using governor ladder
[    0.124137] cpuidle: using governor menu
[    0.139165] gpiochip_add_data: registered GPIOs 0 to 31 on device: gpio0
[    0.139357] gpiochip_add_data: registered GPIOs 32 to 63 on device: gpio1
[    0.139536] gpiochip_add_data: registered GPIOs 64 to 95 on device: gpio2
[    0.139700] gpiochip_add_data: registered GPIOs 96 to 127 on device: gpio3
[    0.145518] console [pstore-1] enabled
[    0.145902] pstore: Registered ramoops as persistent store backend
[    0.146494] ramoops: attached 0xf0000@0x62e00000, ecc: 0/0
[    0.150038] hw-breakpoint: found 5 (+1 reserved) breakpoint and 4 watchpoint registers.
[    0.150823] hw-breakpoint: maximum watchpoint size is 8 bytes.
[    0.170451] of_get_named_gpiod_flags: can't parse 'gpio' property of node '/regulators/regulator@0[0]'
[    0.170960] of_get_named_gpiod_flags: can't parse 'gpio' property of node '/regulators/regulator@1[0]'
[    0.171681] of_get_named_gpiod_flags: parsed 'gpio' property of node '/vcc-host-regulator[0]' - status (0)
[    0.172369] of_get_named_gpiod_flags: parsed 'gpio' property of node '/otg-vbus-regulator[0]' - status (0)
[    0.172893] of_get_named_gpiod_flags: can't parse 'gpio' property of node '/vcc-phy-regulator[0]'
[    0.173891] iommu: Adding device 20050000.vop to group 0
[    0.175771] SCSI subsystem initialized
[    0.176544] usbcore: registered new interface driver usbfs
[    0.177183] usbcore: registered new interface driver hub
[    0.177929] usbcore: registered new device driver usb
[    0.178632] media: Linux media interface: v0.10
[    0.179143] Linux video capture interface: v2.00
[    0.179647] pps_core: LinuxPPS API ver. 1 registered
[    0.180127] pps_core: Software ver. 5.3.6 - Copyright 2005-2007 Rodolfo Giometti <giometti@linux.it>
[    0.181028] PTP clock support registered
[    0.183415] Advanced Linux Sound Architecture Driver Initialized.
[    0.185031] Bluetooth: Core ver 2.21
[    0.185463] NET: Registered protocol family 31
[    0.185895] Bluetooth: HCI device and connection manager initialized
[    0.186510] Bluetooth: HCI socket layer initialized
[    0.186983] Bluetooth: L2CAP socket layer initialized
[    0.187518] Bluetooth: SCO socket layer initialized
[    0.190253] clocksource: Switched to clocksource arch_sys_counter
[    0.261729] NET: Registered protocol family 2
[    0.263116] TCP established hash table entries: 8192 (order: 3, 32768 bytes)
[    0.263928] TCP bind hash table entries: 8192 (order: 5, 163840 bytes)
[    0.264893] TCP: Hash tables configured (established 8192 bind 8192)
[    0.265629] UDP hash table entries: 512 (order: 2, 24576 bytes)
[    0.266256] UDP-Lite hash table entries: 512 (order: 2, 24576 bytes)
[    0.267183] NET: Registered protocol family 1
[    0.268099] RPC: Registered named UNIX socket transport module.
[    0.268685] RPC: Registered udp transport module.
[    0.269138] RPC: Registered tcp transport module.
[    0.269589] RPC: Registered tcp NFSv4.1 backchannel transport module.
[    0.271501] hw perfevents: Failed to find logical CPU for cpu
[    0.272119] hw perfevents: enabled with armv7_cortex_a7 PMU driver, 5 counters available
[    0.275481] Initialise system trusted keyring
[    0.289979] squashfs: version 4.0 (2009/01/31) Phillip Lougher
[    0.293901] NFS: Registering the id_resolver key type
[    0.294483] Key type id_resolver registered
[    0.294894] Key type id_legacy registered
[    0.295307] Installing knfsd (copyright (C) 1996 okir@monad.swb.de).
[    0.297058] fuse init (API version 7.23)
[    0.304271] NET: Registered protocol family 38
[    0.304761] Key type asymmetric registered
[    0.305171] Asymmetric key parser 'x509' registered
[    0.305762] bounce: pool size: 64 pages
[    0.306468] Block layer SCSI generic (bsg) driver version 0.4 loaded (major 248)
[    0.307205] io scheduler noop registered
[    0.307596] io scheduler deadline registered
[    0.308054] io scheduler cfq registered (default)
[    0.313016] phy phy-11000000.syscon:usb2-phy@800.2: Failed to get VBUS supply regulator
[    0.322216] dma-pl330 110f0000.pdma: Loaded driver for PL330 DMAC-241330
[    0.322895] dma-pl330 110f0000.pdma: 	DBUFF-128x8bytes Num_Chans-8 Num_Peri-20 Num_Events-16
[    0.324888] pwm-regulator vdd-arm-regulator: GPIO lookup for consumer enable
[    0.324914] pwm-regulator vdd-arm-regulator: using device tree for GPIO lookup
[    0.324935] of_get_named_gpiod_flags: can't parse 'enable-gpios' property of node '/vdd-arm-regulator[0]'
[    0.324952] of_get_named_gpiod_flags: can't parse 'enable-gpio' property of node '/vdd-arm-regulator[0]'
[    0.324967] pwm-regulator vdd-arm-regulator: using lookup tables for GPIO lookup
[    0.324983] pwm-regulator vdd-arm-regulator: lookup for GPIO enable failed
[    0.325703] pwm-regulator vdd-log-regulator: GPIO lookup for consumer enable
[    0.325727] pwm-regulator vdd-log-regulator: using device tree for GPIO lookup
[    0.325745] of_get_named_gpiod_flags: can't parse 'enable-gpios' property of node '/vdd-log-regulator[0]'
[    0.325761] of_get_named_gpiod_flags: can't parse 'enable-gpio' property of node '/vdd-log-regulator[0]'
[    0.325775] pwm-regulator vdd-log-regulator: using lookup tables for GPIO lookup
[    0.325791] pwm-regulator vdd-log-regulator: lookup for GPIO enable failed
[    0.326905] Serial: 8250/16550 driver, 5 ports, IRQ sharing disabled
[    0.330706] 11020000.serial: ttyS1 at MMIO 0x11020000 (irq = 30, base_baud = 1500000) is a 16550A
[    0.333470] [drm] Initialized drm 1.1.0 20060810
[    0.337047] [drm] Rockchip DRM driver version: v1.0.1
[    0.337845] rockchip-drm display-subsystem: devfreq is not set
[    0.339000] rockchip-vop 20050000.vop: missing rockchip,grf property
[    0.339861] rockchip-drm display-subsystem: bound 20050000.vop (ops 0xc0b63300)
[    0.341178] i2c i2c-0: of_i2c: modalias failure on /hdmi@200a0000/ports
[    0.341835] dwhdmi-rockchip 200a0000.hdmi: registered DesignWare HDMI I2C bus driver
[    0.342687] dwhdmi-rockchip 200a0000.hdmi: Detected HDMI TX controller v2.01a with HDCP (inno_dw_hdmi_phy)
[    0.345104] rockchip-drm display-subsystem: bound 200a0000.hdmi (ops 0xc0b5ba80)
[    0.345842] [drm] Supports vblank timestamp caching Rev 2 (21.10.2013).
[    0.346471] [drm] No driver support for vblank timestamp query.
[    0.347165] rockchip-drm display-subsystem: failed to parse display resources
[    0.347903] rockchip-drm display-subsystem: No connectors reported connected with modes
[    0.348749] [drm] Cannot find any crtc or sizes - going 1024x768
[    0.376913] Console: switching to colour frame buffer device 128x48
[    0.396718] rockchip-drm display-subsystem: fb0:  frame buffer device
[    0.399708] usbcore: registered new interface driver udl
[    0.405124] brd: module loaded
[    0.414821] loop: module loaded
[    0.416485] zram: Added device: zram0
[    0.417056] lkdtm: No crash points registered, enable through debugfs
[    0.419152] tun: Universal TUN/TAP device driver, 1.6
[    0.419835] tun: (C) 1999-2004 Max Krasnyansky <maxk@qualcomm.com>
[    0.422417] rk_gmac-dwmac 30200000.ethernet: clock input or output? (output).
[    0.423387] rk_gmac-dwmac 30200000.ethernet: Can not read property: tx_delay.
[    0.424318] rk_gmac-dwmac 30200000.ethernet: set tx_delay to 0x30
[    0.425116] rk_gmac-dwmac 30200000.ethernet: Can not read property: rx_delay.
[    0.426043] rk_gmac-dwmac 30200000.ethernet: set rx_delay to 0x10
[    0.426874] rk_gmac-dwmac 30200000.ethernet: integrated PHY? (yes).
[    0.427886] rk_gmac-dwmac 30200000.ethernet: cannot get clock clk_mac_speed
[    0.433896] rk_gmac-dwmac 30200000.ethernet: init for RMII
[    0.470376] stmmac - user ID: 0x10, Synopsys ID: 0x35
[    0.471050]  Ring mode enabled
[    0.479724]  DMA HW capability register supported
[    0.480353]  Normal descriptors
[    0.497286]  RX Checksum Offload Engine supported (type 2)
[    0.506125]  TX Checksum insertion supported
[    0.514714]  Wake-Up On Lan supported
[    0.523288]  Enable RX Mitigation via HW Watchdog Timer
[    0.532125] of_get_named_gpiod_flags: can't parse 'snps,reset-gpio' property of node '/ethernet@30200000[0]'
[    0.546687] libphy: stmmac: probed
[    0.555148] eth%d: PHY ID 1234d400 at 0 IRQ POLL (stmmac-0:00) active
[    0.563833] eth%d: PHY ID 00000000 at 1 IRQ POLL (stmmac-0:01)
[    0.572258] eth%d: PHY ID 00000000 at 2 IRQ POLL (stmmac-0:02)
[    0.580558] eth%d: PHY ID 00000000 at 3 IRQ POLL (stmmac-0:03)
[    0.588736] eth%d: PHY ID 00000000 at 4 IRQ POLL (stmmac-0:04)
[    0.596795] eth%d: PHY ID 00000000 at 5 IRQ POLL (stmmac-0:05)
[    0.604724] eth%d: PHY ID 00000000 at 6 IRQ POLL (stmmac-0:06)
[    0.612497] eth%d: PHY ID 00000000 at 7 IRQ POLL (stmmac-0:07)
[    0.620058] eth%d: PHY ID 00000000 at 8 IRQ POLL (stmmac-0:08)
[    0.627452] eth%d: PHY ID 00000000 at 9 IRQ POLL (stmmac-0:09)
[    0.634661] eth%d: PHY ID 00000000 at 10 IRQ POLL (stmmac-0:0a)
[    0.641738] eth%d: PHY ID 00000000 at 11 IRQ POLL (stmmac-0:0b)
[    0.648597] eth%d: PHY ID 00000000 at 12 IRQ POLL (stmmac-0:0c)
[    0.655258] eth%d: PHY ID 00000000 at 13 IRQ POLL (stmmac-0:0d)
[    0.661712] eth%d: PHY ID 00000000 at 14 IRQ POLL (stmmac-0:0e)
[    0.667947] eth%d: PHY ID 00000000 at 15 IRQ POLL (stmmac-0:0f)
[    0.674015] eth%d: PHY ID 00000000 at 16 IRQ POLL (stmmac-0:10)
[    0.679923] eth%d: PHY ID 00000000 at 17 IRQ POLL (stmmac-0:11)
[    0.685661] eth%d: PHY ID 00000000 at 18 IRQ POLL (stmmac-0:12)
[    0.691317] eth%d: PHY ID 00000000 at 19 IRQ POLL (stmmac-0:13)
[    0.696754] eth%d: PHY ID 00000000 at 20 IRQ POLL (stmmac-0:14)
[    0.702045] eth%d: PHY ID 00000000 at 21 IRQ POLL (stmmac-0:15)
[    0.707173] eth%d: PHY ID 00000000 at 22 IRQ POLL (stmmac-0:16)
[    0.712154] eth%d: PHY ID 00000000 at 23 IRQ POLL (stmmac-0:17)
[    0.716965] eth%d: PHY ID 00000000 at 24 IRQ POLL (stmmac-0:18)
[    0.721667] eth%d: PHY ID 00000000 at 25 IRQ POLL (stmmac-0:19)
[    0.726305] eth%d: PHY ID 00000000 at 26 IRQ POLL (stmmac-0:1a)
[    0.730899] eth%d: PHY ID 00000000 at 27 IRQ POLL (stmmac-0:1b)
[    0.735321] eth%d: PHY ID 00000000 at 28 IRQ POLL (stmmac-0:1c)
[    0.739588] eth%d: PHY ID 00000000 at 29 IRQ POLL (stmmac-0:1d)
[    0.743735] eth%d: PHY ID 00000000 at 30 IRQ POLL (stmmac-0:1e)
[    0.747689] eth%d: PHY ID 00000000 at 31 IRQ POLL (stmmac-0:1f)
[    0.753134] PPP generic driver version 2.4.2
[    0.757479] usbcore: registered new interface driver rndis_wlan
[    0.761940] usbcore: registered new interface driver rt2800usb
[    0.765922] Rockchip WiFi SYS interface (V1.00) ... 
[    0.769911] pegasus: v0.9.3 (2013/04/25), Pegasus/Pegasus II USB Ethernet driver
[    0.774431] usbcore: registered new interface driver pegasus
[    0.778756] usbcore: registered new interface driver rtl8150
[    0.782989] usbcore: registered new interface driver r8152
[    0.787082] usbcore: registered new interface driver asix
[    0.791078] usbcore: registered new interface driver ax88179_178a
[    0.795063] usbcore: registered new interface driver cdc_ether
[    0.798913] usbcore: registered new interface driver dm9601
[    0.802701] usbcore: registered new interface driver smsc75xx
[    0.806433] usbcore: registered new interface driver smsc95xx
[    0.810008] usbcore: registered new interface driver net1080
[    0.813503] usbcore: registered new interface driver rndis_host
[    0.816871] usbcore: registered new interface driver MOSCHIP usb-ethernet driver
[    0.820551] usbcore: registered new interface driver cdc_ncm
[    0.823988] usbcore: registered new interface driver cdc_mbim
[    0.827930] 30040000.usb supply vusb_d not found, using dummy regulator
[    0.831784] 30040000.usb supply vusb_a not found, using dummy regulator
[    0.950401] dwc2 30040000.usb: EPs: 10, dedicated fifos, 972 entries in SPRAM
[    0.955436] dwc2 30040000.usb: DWC OTG Controller
[    0.959230] dwc2 30040000.usb: new USB bus registered, assigned bus number 1
[    0.963497] dwc2 30040000.usb: irq 42, io mem 0x30040000
[    0.967771] usb usb1: New USB device found, idVendor=1d6b, idProduct=0002
[    0.972130] usb usb1: New USB device strings: Mfr=3, Product=2, SerialNumber=1
[    0.976606] usb usb1: Product: DWC OTG Controller
[    0.980933] usb usb1: Manufacturer: Linux 4.4.154 dwc2_hsotg
[    0.985475] usb usb1: SerialNumber: 30040000.usb
[    0.991059] hub 1-0:1.0: USB hub found
[    0.995642] hub 1-0:1.0: 1 port detected
[    1.640367] phy phy-11000000.syscon:usb2-phy@760.0: charger = USB_FLOATING_CHARGER
[    1.646599] ehci_hcd: USB 2.0 'Enhanced' Host Controller (EHCI) Driver
[    1.651996] ehci-platform: EHCI generic platform driver
[    1.661213] ehci-platform 30080000.usb: EHCI Host Controller
[    1.667034] ehci-platform 30080000.usb: new USB bus registered, assigned bus number 2
[    1.673182] ehci-platform 30080000.usb: irq 43, io mem 0x30080000
[    1.690305] ehci-platform 30080000.usb: USB 2.0 started, EHCI 1.00
[    1.696404] usb usb2: New USB device found, idVendor=1d6b, idProduct=0002
[    1.702478] usb usb2: New USB device strings: Mfr=3, Product=2, SerialNumber=1
[    1.708674] usb usb2: Product: EHCI Host Controller
[    1.714742] usb usb2: Manufacturer: Linux 4.4.154 ehci_hcd
[    1.720986] usb usb2: SerialNumber: 30080000.usb
[    1.728137] hub 2-0:1.0: USB hub found
[    1.734466] hub 2-0:1.0: 1 port detected
[    1.743734] ehci-platform 300c0000.usb: EHCI Host Controller
[    1.750871] ehci-platform 300c0000.usb: new USB bus registered, assigned bus number 3
[    1.758049] ehci-platform 300c0000.usb: irq 45, io mem 0x300c0000
[    1.780285] ehci-platform 300c0000.usb: USB 2.0 started, EHCI 1.00
[    1.787256] usb usb3: New USB device found, idVendor=1d6b, idProduct=0002
[    1.794088] usb usb3: New USB device strings: Mfr=3, Product=2, SerialNumber=1
[    1.800878] usb usb3: Product: EHCI Host Controller
[    1.807323] usb usb3: Manufacturer: Linux 4.4.154 ehci_hcd
[    1.813945] usb usb3: SerialNumber: 300c0000.usb
[    1.821548] hub 3-0:1.0: USB hub found
[    1.828199] hub 3-0:1.0: 1 port detected
[    1.837837] ehci-platform 30100000.usb: EHCI Host Controller
[    1.846325] ehci-platform 30100000.usb: new USB bus registered, assigned bus number 4
[    1.853987] ehci-platform 30100000.usb: irq 47, io mem 0x30100000
[    1.880288] ehci-platform 30100000.usb: USB 2.0 started, EHCI 1.00
[    1.887844] usb usb4: New USB device found, idVendor=1d6b, idProduct=0002
[    1.895382] usb usb4: New USB device strings: Mfr=3, Product=2, SerialNumber=1
[    1.903046] usb usb4: Product: EHCI Host Controller
[    1.910499] usb usb4: Manufacturer: Linux 4.4.154 ehci_hcd
[    1.918043] usb usb4: SerialNumber: 30100000.usb
[    1.926552] hub 4-0:1.0: USB hub found
[    1.934799] hub 4-0:1.0: 1 port detected
[    1.943093] ohci_hcd: USB 1.1 'Open' Host Controller (OHCI) Driver
[    1.950937] ohci-platform: OHCI generic platform driver
[    1.958993] ohci-platform 300a0000.usb: Generic Platform OHCI controller
[    1.967220] ohci-platform 300a0000.usb: new USB bus registered, assigned bus number 5
[    1.975428] ohci-platform 300a0000.usb: irq 44, io mem 0x300a0000
[    2.045479] usb usb5: New USB device found, idVendor=1d6b, idProduct=0001
[    2.053317] usb usb5: New USB device strings: Mfr=3, Product=2, SerialNumber=1
[    2.061132] usb usb5: Product: Generic Platform OHCI controller
[    2.068810] usb usb5: Manufacturer: Linux 4.4.154 ohci_hcd
[    2.076469] usb usb5: SerialNumber: 300a0000.usb
[    2.085028] hub 5-0:1.0: USB hub found
[    2.092632] hub 5-0:1.0: 1 port detected
[    2.100911] ohci-platform 300e0000.usb: Generic Platform OHCI controller
[    2.109004] ohci-platform 300e0000.usb: new USB bus registered, assigned bus number 6
[    2.117096] ohci-platform 300e0000.usb: irq 46, io mem 0x300e0000
[    2.184499] usb usb6: New USB device found, idVendor=1d6b, idProduct=0001
[    2.192288] usb usb6: New USB device strings: Mfr=3, Product=2, SerialNumber=1
[    2.200066] usb usb6: Product: Generic Platform OHCI controller
[    2.207792] usb usb6: Manufacturer: Linux 4.4.154 ohci_hcd
[    2.215405] usb usb6: SerialNumber: 300e0000.usb
[    2.224070] hub 6-0:1.0: USB hub found
[    2.231497] hub 6-0:1.0: 1 port detected
[    2.239656] ohci-platform 30120000.usb: Generic Platform OHCI controller
[    2.247808] ohci-platform 30120000.usb: new USB bus registered, assigned bus number 7
[    2.255943] ohci-platform 30120000.usb: irq 48, io mem 0x30120000
[    2.324529] usb usb7: New USB device found, idVendor=1d6b, idProduct=0001
[    2.332436] usb usb7: New USB device strings: Mfr=3, Product=2, SerialNumber=1
[    2.340356] usb usb7: Product: Generic Platform OHCI controller
[    2.348124] usb usb7: Manufacturer: Linux 4.4.154 ohci_hcd
[    2.355906] usb usb7: SerialNumber: 30120000.usb
[    2.364702] hub 7-0:1.0: USB hub found
[    2.372275] hub 7-0:1.0: 1 port detected
[    2.380669] usbcore: registered new interface driver cdc_acm
[    2.388301] cdc_acm: USB Abstract Control Model driver for USB modems and ISDN adapters
[    2.396472] usbcore: registered new interface driver cdc_wdm
[    2.404662] usbcore: registered new interface driver usb-storage
[    2.412763] usbcore: registered new interface driver usbserial
[    2.420599] usbcore: registered new interface driver usbserial_generic
[    2.428363] usbserial: USB Serial support registered for generic
[    2.436153] usbcore: registered new interface driver cp210x
[    2.443919] usbserial: USB Serial support registered for cp210x
[    2.451807] usbcore: registered new interface driver ftdi_sio
[    2.459539] usbserial: USB Serial support registered for FTDI USB Serial Device
[    2.467934] usbcore: registered new interface driver keyspan
[    2.476036] usbserial: USB Serial support registered for Keyspan - (without firmware)
[    2.484290] usbserial: USB Serial support registered for Keyspan 1 port adapter
[    2.492405] usbserial: USB Serial support registered for Keyspan 2 port adapter
[    2.500462] usbserial: USB Serial support registered for Keyspan 4 port adapter
[    2.508425] usbcore: registered new interface driver option
[    2.516151] usbserial: USB Serial support registered for GSM modem (1-port)
[    2.524710] usbcore: registered new interface driver oti6858
[    2.532563] usbserial: USB Serial support registered for oti6858
[    2.540498] usbcore: registered new interface driver pl2303
[    2.548268] usbserial: USB Serial support registered for pl2303
[    2.556244] usbcore: registered new interface driver qcserial
[    2.564068] usbserial: USB Serial support registered for Qualcomm USB modem
[    2.572175] usbcore: registered new interface driver sierra
[    2.580050] usbserial: USB Serial support registered for Sierra USB modem
[    2.589533] usbcore: registered new interface driver iforce
[    2.597817] usbcore: registered new interface driver xpad
[    2.606382] usbcore: registered new interface driver usbtouchscreen
[    2.615338] i2c /dev entries driver
[    2.629985] rtc-hym8563 1-0051: could not init device, -6
[    2.637910] rk3x-i2c 11050000.i2c: Initialized RK3xxx I2C bus at f09ba000
[    2.648351] usbcore: registered new interface driver uvcvideo
[    2.656257] USB Video Class driver (1.1.1)
[    2.666834] rockchip-thermal 11150000.tsadc: Missing tshut-polarity property, using default (low)
[    2.675330] rockchip-thermal 11150000.tsadc: Missing rockchip,grf property
[    2.683903] rockchip-thermal 11150000.tsadc: tsadc is probed successfully!
[    2.693641] device-mapper: ioctl: 4.34.0-ioctl (2015-10-28) initialised: dm-devel@redhat.com
[    2.702533] Bluetooth: Virtual HCI driver ver 1.5
[    2.711012] Bluetooth: HCI UART driver ver 2.3
[    2.719037] Bluetooth: HCI UART protocol H4 registered
[    2.727033] Bluetooth: HCI UART protocol LL registered
[    2.734889] Bluetooth: HCI UART protocol ATH3K registered
[    2.742831] usbcore: registered new interface driver bfusb
[    2.750869] usbcore: registered new interface driver btusb
[    2.759179] cpu cpu0: failed to get clock: -2
[    2.766849] cpufreq-dt: probe of cpufreq-dt failed with error -2
[    2.774888] sdhci: Secure Digital Host Controller Interface driver
[    2.782836] sdhci: Copyright(c) Pierre Ossman
[    2.790465] Synopsys Designware Multimedia Card Interface Driver
[    2.799260] dwmmc_rockchip 30000000.dwmmc: IDMAC supports 32-bit address mode.
[    2.807553] dwmmc_rockchip 30000000.dwmmc: Using internal DMA controller.
[    2.815698] dwmmc_rockchip 30000000.dwmmc: Version ID is 270a
[    2.823795] dwmmc_rockchip 30000000.dwmmc: DW MMC controller at irq 39,32 bit host data width,256 deep fifo
[    2.832430] dwmmc_rockchip 30000000.dwmmc: No vmmc regulator found
[    2.840587] dwmmc_rockchip 30000000.dwmmc: No vqmmc regulator found
[    2.848668] dwmmc_rockchip 30000000.dwmmc: GPIO lookup for consumer cd
[    2.848684] dwmmc_rockchip 30000000.dwmmc: using device tree for GPIO lookup
[    2.848705] of_get_named_gpiod_flags: can't parse 'cd-gpios' property of node '/dwmmc@30000000[0]'
[    2.848722] of_get_named_gpiod_flags: can't parse 'cd-gpio' property of node '/dwmmc@30000000[0]'
[    2.848736] dwmmc_rockchip 30000000.dwmmc: using lookup tables for GPIO lookup
[    2.848753] dwmmc_rockchip 30000000.dwmmc: lookup for GPIO cd failed
[    2.848772] dwmmc_rockchip 30000000.dwmmc: GPIO lookup for consumer wp
[    2.848786] dwmmc_rockchip 30000000.dwmmc: using device tree for GPIO lookup
[    2.848801] of_get_named_gpiod_flags: can't parse 'wp-gpios' property of node '/dwmmc@30000000[0]'
[    2.848817] of_get_named_gpiod_flags: can't parse 'wp-gpio' property of node '/dwmmc@30000000[0]'
[    2.848831] dwmmc_rockchip 30000000.dwmmc: using lookup tables for GPIO lookup
[    2.848845] dwmmc_rockchip 30000000.dwmmc: lookup for GPIO wp failed
[    2.860390] mmc_host mmc0: Bus speed (slot 0) = 400000Hz (slot req 400000Hz, actual 400000HZ div = 0)
[    2.881433] dwmmc_rockchip 30000000.dwmmc: 1 slots initialized
[    2.892329] dwmmc_rockchip 30010000.dwmmc: num-slots property not found, assuming 1 slot is available
[    2.901211] dwmmc_rockchip 30010000.dwmmc: IDMAC supports 32-bit address mode.
[    2.910725] dwmmc_rockchip 30010000.dwmmc: Using internal DMA controller.
[    2.919093] dwmmc_rockchip 30010000.dwmmc: Version ID is 270a
[    2.929479] dwmmc_rockchip 30010000.dwmmc: DW MMC controller at irq 40,32 bit host data width,256 deep fifo
[    2.938565] dwmmc_rockchip 30010000.dwmmc: No vmmc regulator found
[    2.947114] dwmmc_rockchip 30010000.dwmmc: No vqmmc regulator found
[    2.955808] dwmmc_rockchip 30010000.dwmmc: GPIO lookup for consumer wp
[    2.955831] dwmmc_rockchip 30010000.dwmmc: using device tree for GPIO lookup
[    2.955878] of_get_named_gpiod_flags: can't parse 'wp-gpios' property of node '/dwmmc@30010000[0]'
[    2.955896] of_get_named_gpiod_flags: can't parse 'wp-gpio' property of node '/dwmmc@30010000[0]'
[    2.955911] dwmmc_rockchip 30010000.dwmmc: using lookup tables for GPIO lookup
[    2.955942] dwmmc_rockchip 30010000.dwmmc: lookup for GPIO wp failed
[    2.956580] dwmmc_rockchip 30020000.dwmmc: IDMAC supports 32-bit address mode.
[    2.965228] dwmmc_rockchip 30020000.dwmmc: Using internal DMA controller.
[    2.973650] dwmmc_rockchip 30020000.dwmmc: Version ID is 270a
[    2.981944] dwmmc_rockchip 30020000.dwmmc: DW MMC controller at irq 41,32 bit host data width,256 deep fifo
[    2.990771] dwmmc_rockchip 30020000.dwmmc: 'clock-freq-min-max' property was deprecated.
[    2.999405] dwmmc_rockchip 30020000.dwmmc: No vmmc regulator found
[    3.007711] dwmmc_rockchip 30020000.dwmmc: No vqmmc regulator found
[    3.015948] dwmmc_rockchip 30020000.dwmmc: GPIO lookup for consumer wp
[    3.015966] dwmmc_rockchip 30020000.dwmmc: using device tree for GPIO lookup
[    3.015985] of_get_named_gpiod_flags: can't parse 'wp-gpios' property of node '/dwmmc@30020000[0]'
[    3.016001] of_get_named_gpiod_flags: can't parse 'wp-gpio' property of node '/dwmmc@30020000[0]'
[    3.016016] dwmmc_rockchip 30020000.dwmmc: using lookup tables for GPIO lookup
[    3.016032] dwmmc_rockchip 30020000.dwmmc: lookup for GPIO wp failed
[    3.028679] mmc_host mmc0: Bus speed (slot 0) = 50000000Hz (slot req 50000000Hz, actual 50000000HZ div = 0)
[    3.037559] mmc_host mmc1: Bus speed (slot 0) = 2343750Hz (slot req 400000Hz, actual 390625HZ div = 3)
[    3.046329] mmc0: new high speed SDHC card at address aaaa
[    3.055570] mmcblk0: mmc0:aaaa JULIE 14.8 GiB 
[    3.064155] dwmmc_rockchip 30020000.dwmmc: 1 slots initialized
[    3.073558] sdhci-pltfm: SDHCI platform and OF driver helper
[    3.087709]  mmcblk0: p1
[    3.098176] hidraw: raw HID events driver (C) Jiri Kosina
[    3.109250] usbcore: registered new interface driver usbhid
[    3.117813] usbhid: USB HID core driver
[    3.128093] rknandbase v1.2 2018-05-08
[    3.137784] usbcore: registered new interface driver snd-usb-audio
[    3.147244] mmc1: MAN_BKOPS_EN bit is not set
[    3.160795] u32 classifier
[    3.168647] Netfilter messages via NETLINK v0.30.
[    3.176821] mmc_host mmc1: Bus speed (slot 0) = 37500000Hz (slot req 37500000Hz, actual 37500000HZ div = 0)
[    3.186009] mmc1: new high speed MMC card at address 0001
[    3.194781] nf_conntrack version 0.5.0 (16384 buckets, 65536 max)
[    3.204511] mmcblk1: mmc1:0001 MAG2GA 14.6 GiB 
[    3.214049] ctnetlink v0.93: registering with nfnetlink.
[    3.223377] mmcblk1boot0: mmc1:0001 MAG2GA partition 1 2.00 MiB
[    3.232660] ip_set: protocol 6
[    3.241680] mmcblk1boot1: mmc1:0001 MAG2GA partition 2 2.00 MiB
[    3.250736] IPVS: Registered protocols ()
[    3.259509] IPVS: Connection hash table configured (size=4096, memory=32Kbytes)
[    3.269147] mmcblk1rpmb: mmc1:0001 MAG2GA partition 3 128 KiB
[    3.279447] IPVS: Creating netns size=1096 id=0
[    3.291502] IPVS: ipvs loaded.
[    3.300882] ip_tables: (C) 2000-2006 Netfilter Core Team
[    3.309959] Initializing XFRM netlink socket
[    3.320041] NET: Registered protocol family 10
[    3.330723] ip6_tables: (C) 2000-2006 Netfilter Core Team
[    3.339891] sit: IPv6 over IPv4 tunneling driver
[    3.349587] NET: Registered protocol family 17
[    3.358242] NET: Registered protocol family 15
[    3.366752] bridge: automatic filtering via arp/ip/ip6tables has been deprecated. Update your scripts to load br_netfilter if you need this.
[    3.384533] Bridge firewalling registered
[    3.393386] Bluetooth: RFCOMM socket layer initialized
[    3.402263] Bluetooth: RFCOMM ver 1.11
[    3.410876] Bluetooth: HIDP (Human Interface Emulation) ver 1.2
[    3.419718] Bluetooth: HIDP socket layer initialized
[    3.428522] 8021q: 802.1Q VLAN Support v1.8
[    3.437212] lib80211: common routines for IEEE802.11 drivers
[    3.446011] lib80211_crypt: registered algorithm 'NULL'
[    3.446037] lib80211_crypt: registered algorithm 'WEP'
[    3.446057] lib80211_crypt: registered algorithm 'CCMP'
[    3.446076] lib80211_crypt: registered algorithm 'TKIP'
[    3.446098] [WLAN_RFKILL]: Enter rfkill_wlan_init
[    3.455124] [WLAN_RFKILL]: Enter rfkill_wlan_probe
[    3.463730] [WLAN_RFKILL]: wlan_platdata_parse_dt: wifi_chip_type = ap6335
[    3.472603] [WLAN_RFKILL]: wlan_platdata_parse_dt: enable wifi power control.
[    3.481302] [WLAN_RFKILL]: wlan_platdata_parse_dt: wifi power controled by gpio.
[    3.489945] of_get_named_gpiod_flags: can't parse 'WIFI,poweren_gpio' property of node '/wireless-wlan[0]'
[    3.489964] of_get_named_gpiod_flags: can't parse 'WIFI,vbat_gpio' property of node '/wireless-wlan[0]'
[    3.489980] of_get_named_gpiod_flags: can't parse 'WIFI,reset_gpio' property of node '/wireless-wlan[0]'
[    3.490037] of_get_named_gpiod_flags: parsed 'WIFI,host_wake_irq' property of node '/wireless-wlan[0]' - status (0)
[    3.490051] [WLAN_RFKILL]: wlan_platdata_parse_dt: get property: WIFI,host_wake_irq = 28, flags = 0.
[    3.498826] [WLAN_RFKILL]: wlan_platdata_parse_dt: The ref_wifi_clk not found !
[    3.507369] [WLAN_RFKILL]: rfkill_wlan_probe: init gpio
[    3.515652] [WLAN_RFKILL]: Exit rfkill_wlan_probe
[    3.523906] [BT_RFKILL]: Enter rfkill_rk_init
[    3.532368] Key type dns_resolver registered
[    3.541394] ThumbEE CPU extension supported.
[    3.551283] bootconsole [uart0] disabled
[    3.559400] Loading compiled-in X.509 certificates
[    3.567458] pvtm list NULL
[    3.576539] dwmmc_rockchip 30010000.dwmmc: num-slots property not found, assuming 1 slot is available
[    3.584857] dwmmc_rockchip 30010000.dwmmc: IDMAC supports 32-bit address mode.
[    3.592991] dwmmc_rockchip 30010000.dwmmc: Using internal DMA controller.
[    3.600849] dwmmc_rockchip 30010000.dwmmc: Version ID is 270a
[    3.608561] dwmmc_rockchip 30010000.dwmmc: DW MMC controller at irq 40,32 bit host data width,256 deep fifo
[    3.616422] dwmmc_rockchip 30010000.dwmmc: No vmmc regulator found
[    3.624028] dwmmc_rockchip 30010000.dwmmc: No vqmmc regulator found
[    3.631591] dwmmc_rockchip 30010000.dwmmc: GPIO lookup for consumer wp
[    3.631610] dwmmc_rockchip 30010000.dwmmc: using device tree for GPIO lookup
[    3.631630] of_get_named_gpiod_flags: can't parse 'wp-gpios' property of node '/dwmmc@30010000[0]'
[    3.631647] of_get_named_gpiod_flags: can't parse 'wp-gpio' property of node '/dwmmc@30010000[0]'
[    3.631662] dwmmc_rockchip 30010000.dwmmc: using lookup tables for GPIO lookup
[    3.631677] dwmmc_rockchip 30010000.dwmmc: lookup for GPIO wp failed
[    3.633807] of_get_named_gpiod_flags: can't parse 'simple-audio-card,hp-det-gpio' property of node '/hdmi-sound[0]'
[    3.633837] of_get_named_gpiod_flags: can't parse 'simple-audio-card,mic-det-gpio' property of node '/hdmi-sound[0]'
[    3.635889] asoc-simple-card hdmi-sound: i2s-hifi <-> 100c0000.i2s0 mapping ok
[    3.646577] of_get_named_gpiod_flags: can't parse 'simple-audio-card,hp-det-gpio' property of node '/spdif-sound[0]'
[    3.646612] of_get_named_gpiod_flags: can't parse 'simple-audio-card,mic-det-gpio' property of node '/spdif-sound[0]'
[    3.648524] asoc-simple-card spdif-sound: dit-hifi <-> 100d0000.spdif mapping ok
[    3.659357] dwmmc_rockchip 30010000.dwmmc: num-slots property not found, assuming 1 slot is available
[    3.667468] dwmmc_rockchip 30010000.dwmmc: IDMAC supports 32-bit address mode.
[    3.675426] dwmmc_rockchip 30010000.dwmmc: Using internal DMA controller.
[    3.683113] dwmmc_rockchip 30010000.dwmmc: Version ID is 270a
[    3.690753] dwmmc_rockchip 30010000.dwmmc: DW MMC controller at irq 40,32 bit host data width,256 deep fifo
[    3.698531] dwmmc_rockchip 30010000.dwmmc: No vmmc regulator found
[    3.706116] dwmmc_rockchip 30010000.dwmmc: No vqmmc regulator found
[    3.713728] dwmmc_rockchip 30010000.dwmmc: GPIO lookup for consumer wp
[    3.713747] dwmmc_rockchip 30010000.dwmmc: using device tree for GPIO lookup
[    3.713767] of_get_named_gpiod_flags: can't parse 'wp-gpios' property of node '/dwmmc@30010000[0]'
[    3.713785] of_get_named_gpiod_flags: can't parse 'wp-gpio' property of node '/dwmmc@30010000[0]'
[    3.713799] dwmmc_rockchip 30010000.dwmmc: using lookup tables for GPIO lookup
[    3.713815] dwmmc_rockchip 30010000.dwmmc: lookup for GPIO wp failed
[    3.715973] of_get_named_gpiod_flags: parsed 'gpios' property of node '/gpio_keys/power-key[0]' - status (0)
[    3.716080] gpio-119 (GPIO Key Power): gpiod_set_debounce: missing set() or set_debounce() operations
[    3.716535] input: gpio_keys as /devices/platform/gpio_keys/input/input0
[    3.726194] dwmmc_rockchip 30010000.dwmmc: num-slots property not found, assuming 1 slot is available
[    3.734542] hctosys: unable to open rtc device (rtc0)
[    3.742690] dwmmc_rockchip 30010000.dwmmc: IDMAC supports 32-bit address mode.
[    3.759601] dwmmc_rockchip 30010000.dwmmc: Using internal DMA controller.
[    3.767731] dwmmc_rockchip 30010000.dwmmc: Version ID is 270a
[    3.778770] vendor storage:20160801 ret = 0
[    3.793996] vcc_otg_vbus: disabling
[    3.802173] dwmmc_rockchip 30010000.dwmmc: DW MMC controller at irq 40,32 bit host data width,256 deep fifo
[    3.810111] dwmmc_rockchip 30010000.dwmmc: No vmmc regulator found
[    3.817920] dwmmc_rockchip 30010000.dwmmc: No vqmmc regulator found
[    3.825709] I : [File] : drivers/gpu/arm/mali400/mali/linux/mali_kernel_linux.c; [Line] : 417; [Func] : mali_module_init(); svn_rev_string_from_arm of this mali_ko is '', rk_ko_ver is '5', built at '20:12:26', on 'Nov 12 2018'.
[    3.842461] mali-utgard 20001000.gpu: mali_platform_device->num_resources = 13
[    3.850938] mali-utgard 20001000.gpu: resource[0].start = 0x0x20001000
[    3.859324] mali-utgard 20001000.gpu: resource[1].start = 0x0x20000000
[    3.867587] mali-utgard 20001000.gpu: resource[2].start = 0x0x20003000
[    3.875715] mali-utgard 20001000.gpu: resource[3].start = 0x0x20008000
[    3.883832] mali-utgard 20001000.gpu: resource[4].start = 0x0x20004000
[    3.891818] mali-utgard 20001000.gpu: resource[5].start = 0x0x2000a000
[    3.899718] mali-utgard 20001000.gpu: resource[6].start = 0x0x20005000
[    3.907544] mali-utgard 20001000.gpu: resource[7].start = 0x0x00000021
[    3.915262] mali-utgard 20001000.gpu: resource[8].start = 0x0x00000022
[    3.922851] mali-utgard 20001000.gpu: resource[9].start = 0x0x00000023
[    3.930295] mali-utgard 20001000.gpu: resource[10].start = 0x0x00000022
[    3.937705] mali-utgard 20001000.gpu: resource[11].start = 0x0x00000023
[    3.945024] mali-utgard 20001000.gpu: resource[12].start = 0x0x00000022
[    3.952280] D : [File] : drivers/gpu/arm/mali400/mali/platform/rk/rk.c; [Line] : 623; [Func] : mali_platform_device_init(); to add platform_specific_data to platform_device_of_mali.
[    3.967585] dwmmc_rockchip 30010000.dwmmc: GPIO lookup for consumer wp
[    3.967602] dwmmc_rockchip 30010000.dwmmc: using device tree for GPIO lookup
[    3.967623] of_get_named_gpiod_flags: can't parse 'wp-gpios' property of node '/dwmmc@30010000[0]'
[    3.967639] of_get_named_gpiod_flags: can't parse 'wp-gpio' property of node '/dwmmc@30010000[0]'
[    3.967654] dwmmc_rockchip 30010000.dwmmc: using lookup tables for GPIO lookup
[    3.967669] dwmmc_rockchip 30010000.dwmmc: lookup for GPIO wp failed
[    3.969198] mali-utgard 20001000.gpu: leakage=5
[    3.977026] mali-utgard 20001000.gpu: leakage-volt-sel=0
[    3.984824] mali-utgard 20001000.gpu: Failed to get pvtm
[    3.996553] dwmmc_rockchip 30010000.dwmmc: num-slots property not found, assuming 1 slot is available
[    4.004748] Mali: Mali device driver loaded
[    4.012644] dwmmc_rockchip 30010000.dwmmc: IDMAC supports 32-bit address mode.
[    4.020802] ALSA device list:
[    4.028517]   #0: rockchip,hdmi
[    4.036138]   #1: ROCKCHIP,SPDIF
[    4.043960] dwmmc_rockchip 30010000.dwmmc: Using internal DMA controller.
[    4.051710] dwmmc_rockchip 30010000.dwmmc: Version ID is 270a
[    4.059362] dwmmc_rockchip 30010000.dwmmc: DW MMC controller at irq 40,32 bit host data width,256 deep fifo
[    4.067419] dwmmc_rockchip 30010000.dwmmc: No vmmc regulator found
[    4.075025] dwmmc_rockchip 30010000.dwmmc: No vqmmc regulator found
[    4.082560] dwmmc_rockchip 30010000.dwmmc: GPIO lookup for consumer wp
[    4.082577] dwmmc_rockchip 30010000.dwmmc: using device tree for GPIO lookup
[    4.082598] of_get_named_gpiod_flags: can't parse 'wp-gpios' property of node '/dwmmc@30010000[0]'
[    4.082614] of_get_named_gpiod_flags: can't parse 'wp-gpio' property of node '/dwmmc@30010000[0]'
[    4.082629] dwmmc_rockchip 30010000.dwmmc: using lookup tables for GPIO lookup
[    4.082644] dwmmc_rockchip 30010000.dwmmc: lookup for GPIO wp failed
[    4.108296] EXT4-fs (mmcblk0p1): mounted filesystem with ordered data mode. Opts: (null)
[    4.116289] VFS: Mounted root (ext4 filesystem) on device 179:1.
[    4.149036] devtmpfs: mounted
[    4.159098] Freeing unused kernel memory: 1024K
[    4.444780] systemd[1]: System time before build time, advancing clock.
[    4.478449] systemd[1]: Failed to insert module 'autofs4': No such file or directory
[    4.511904] random: systemd: uninitialized urandom read (16 bytes read, 16 bits of entropy available)
[    4.527940] systemd[1]: systemd 229 running in system mode. (+PAM +AUDIT +SELINUX +IMA +APPARMOR +SMACK +SYSVINIT +UTMP +LIBCRYPTSETUP +GCRYPT +GNUTLS +ACL +XZ -LZ4 +SECCOMP +BLKID +ELFUTILS +KMOD -IDN)
[    4.545241] systemd[1]: Detected architecture arm.
[    4.592013] systemd[1]: Set hostname to <hk1mini>.
[    4.636384] random: systemd: uninitialized urandom read (16 bytes read, 17 bits of entropy available)
[    4.677912] random: systemd-gpt-aut: uninitialized urandom read (16 bytes read, 17 bits of entropy available)
[    4.728981] random: systemd-cryptse: uninitialized urandom read (16 bytes read, 17 bits of entropy available)
[    4.772835] random: systemd-sysv-ge: uninitialized urandom read (16 bytes read, 18 bits of entropy available)
[    4.798828] random: systemd-gpt-aut: uninitialized urandom read (16 bytes read, 18 bits of entropy available)
[    4.840041] random: systemd-sysv-ge: uninitialized urandom read (16 bytes read, 20 bits of entropy available)
[    4.959996] random: systemd: uninitialized urandom read (16 bytes read, 23 bits of entropy available)
[    4.968406] random: systemd: uninitialized urandom read (16 bytes read, 23 bits of entropy available)
[    4.977878] random: systemd: uninitialized urandom read (16 bytes read, 23 bits of entropy available)
[    5.320043] systemd[1]: Listening on /dev/initctl Compatibility Named Pipe.
[    5.337777] systemd[1]: Listening on udev Kernel Socket.
[    5.355436] systemd[1]: Listening on Journal Socket (/dev/log).
[    5.373658] systemd[1]: Listening on Journal Socket.
[    5.392826] systemd[1]: Created slice System Slice.
[    5.414218] systemd[1]: Starting Nameserver information manager...
[    5.456084] systemd[1]: Listening on Syslog Socket.
[    5.476821] systemd[1]: Listening on fsck to fsckd communication Socket.
[    5.501047] systemd[1]: Mounting Debug File System...
[    5.564399] systemd[1]: Starting Uncomplicated firewall...
[    5.622929] systemd[1]: Starting Set console keymap...
[    5.679088] systemd[1]: Started Read required files in advance.
[    5.773621] systemd[1]: Reached target Encrypted Volumes.
[    5.837790] systemd[1]: Starting Load Kernel Modules...
[    5.922709] systemd[1]: Starting Create Static Device Nodes in /dev...
[    5.979481] systemd[1]: Started Forward Password Requests to Wall Directory Watch.
[    6.045259] systemd[1]: Created slice User and Session Slice.
[    6.089599] systemd[1]: Reached target Slices.
[    6.148050] systemd[1]: Starting Journal Service...
[    6.199734] systemd[1]: Reached target Remote File Systems (Pre).
[    6.224717] systemd[1]: Reached target Remote File Systems.
[    6.260620] systemd[1]: Reached target User and Group Name Lookups.
[    6.301107] systemd[1]: Listening on udev Control Socket.
[    6.365843] systemd[1]: Mounted Debug File System.
[    6.417599] systemd[1]: Started Uncomplicated firewall.
[    6.502190] systemd[1]: Started Set console keymap.
[    6.541447] systemd[1]: ureadahead.service: Main process exited, code=exited, status=5/NOTINSTALLED
[    6.572610] systemd[1]: ureadahead.service: Unit entered failed state.
[    6.590478] systemd[1]: ureadahead.service: Failed with result 'exit-code'.
[    6.610647] systemd[1]: systemd-modules-load.service: Main process exited, code=exited, status=1/FAILURE
[    6.631881] systemd[1]: Failed to start Load Kernel Modules.
[    6.690821] systemd[1]: systemd-modules-load.service: Unit entered failed state.
[    6.700214] systemd[1]: systemd-modules-load.service: Failed with result 'exit-code'.
[    6.731999] systemd[1]: Started Create Static Device Nodes in /dev.
[    6.774963] systemd[1]: Started Nameserver information manager.
[    6.913406] systemd[1]: Started Journal Service.
[    8.333189] cfg80211: World regulatory domain updated:
[    8.333206] cfg80211:  DFS Master region: unset
[    8.333207] cfg80211:   (start_freq - end_freq @ bandwidth), (max_antenna_gain, max_eirp), (dfs_cac_time)
[    8.333220] cfg80211:   (2402000 KHz - 2472000 KHz @ 40000 KHz), (N/A, 2000 mBm), (N/A)
[    8.333227] cfg80211:   (2457000 KHz - 2482000 KHz @ 40000 KHz), (N/A, 2000 mBm), (N/A)
[    8.333234] cfg80211:   (2474000 KHz - 2494000 KHz @ 20000 KHz), (N/A, 2000 mBm), (N/A)
[    8.333243] cfg80211:   (5170000 KHz - 5250000 KHz @ 80000 KHz, 160000 KHz AUTO), (N/A, 2000 mBm), (N/A)
[    8.333251] cfg80211:   (5250000 KHz - 5330000 KHz @ 80000 KHz, 160000 KHz AUTO), (N/A, 2000 mBm), (0 s)
[    8.333259] cfg80211:   (5490000 KHz - 5730000 KHz @ 160000 KHz), (N/A, 2000 mBm), (0 s)
[    8.333265] cfg80211:   (5735000 KHz - 5835000 KHz @ 80000 KHz), (N/A, 2000 mBm), (N/A)
[    8.333272] cfg80211:   (57240000 KHz - 63720000 KHz @ 2160000 KHz), (N/A, 0 mBm), (N/A)
[    8.444442] EXT4-fs (mmcblk0p1): re-mounted. Opts: (null)
[   10.692098] systemd-journald[166]: Received request to flush runtime journal from PID 1
[   12.503737] rockchip-vop 20050000.vop: [drm:vop_crtc_enable] Update mode to 1024x768p60, type: 11
[   12.504620] [drm:hdmi_config_hdr_infoframe] *ERROR* Not support DRM Infoframe
[   12.980010] Adding 2097148k swap on /swap.img.  Priority:-1 extents:4 across:4177916k SSFS
[   13.533512] rockchip-vop 20050000.vop: [drm:vop_crtc_enable] Update mode to 1024x768p60, type: 11
[   13.534399] [drm:hdmi_config_hdr_infoframe] *ERROR* Not support DRM Infoframe
[   23.283526] random: nonblocking pool is initialized
[   24.825552] IPVS: Creating netns size=1096 id=1
[   25.442820] IPv6: ADDRCONF(NETDEV_UP): eth0: link is not ready
[   25.443277] rk_gmac-dwmac 30200000.ethernet: rk_get_eth_addr: mac address: ca:f6:53:33:b2:90
[   25.443300] eth0: device MAC address ca:f6:53:33:b2:90
[   27.609627] [drm:dw_hdmi_rockchip_set_property] *ERROR* failed to set rockchip hdmi connector property
[   27.609715] [drm:dw_hdmi_rockchip_set_property] *ERROR* failed to set rockchip hdmi connector property
[   27.609749] [drm:dw_hdmi_rockchip_set_property] *ERROR* failed to set rockchip hdmi connector property
[   27.609777] [drm:dw_hdmi_rockchip_set_property] *ERROR* failed to set rockchip hdmi connector property
[   27.609804] [drm:dw_hdmi_rockchip_set_property] *ERROR* failed to set rockchip hdmi connector property
[   27.609832] [drm:dw_hdmi_rockchip_set_property] *ERROR* failed to set rockchip hdmi connector property
[   27.633151] rockchip-vop 20050000.vop: [drm:vop_crtc_enable] Update mode to 1920x1080p0, type: 11
[   27.633890] [drm:hdmi_config_hdr_infoframe] *ERROR* Not support DRM Infoframe
[   55.130454] usb 2-1: new high-speed USB device number 2 using ehci-platform
[   55.282212] usb 2-1: New USB device found, idVendor=05e3, idProduct=0608
[   55.282267] usb 2-1: New USB device strings: Mfr=0, Product=1, SerialNumber=0
[   55.282287] usb 2-1: Product: USB2.0 Hub
[   55.287384] hub 2-1:1.0: USB hub found
[   55.287899] hub 2-1:1.0: 4 ports detected
[   55.301393] dwmmc_rockchip 30010000.dwmmc: num-slots property not found, assuming 1 slot is available
[   55.301591] dwmmc_rockchip 30010000.dwmmc: IDMAC supports 32-bit address mode.
[   55.302110] dwmmc_rockchip 30010000.dwmmc: Using internal DMA controller.
[   55.302163] dwmmc_rockchip 30010000.dwmmc: Version ID is 270a
[   55.302243] dwmmc_rockchip 30010000.dwmmc: DW MMC controller at irq 40,32 bit host data width,256 deep fifo
[   55.302360] dwmmc_rockchip 30010000.dwmmc: No vmmc regulator found
[   55.302378] dwmmc_rockchip 30010000.dwmmc: No vqmmc regulator found
[   55.302415] dwmmc_rockchip 30010000.dwmmc: GPIO lookup for consumer wp
[   55.302432] dwmmc_rockchip 30010000.dwmmc: using device tree for GPIO lookup
[   55.302456] of_get_named_gpiod_flags: can't parse 'wp-gpios' property of node '/dwmmc@30010000[0]'
[   55.302473] of_get_named_gpiod_flags: can't parse 'wp-gpio' property of node '/dwmmc@30010000[0]'
[   55.302487] dwmmc_rockchip 30010000.dwmmc: using lookup tables for GPIO lookup
[   55.302504] dwmmc_rockchip 30010000.dwmmc: lookup for GPIO wp failed
[   55.570321] usb 2-1.2: new low-speed USB device number 3 using ehci-platform
[   55.684835] usb 2-1.2: New USB device found, idVendor=093a, idProduct=2510
[   55.684879] usb 2-1.2: New USB device strings: Mfr=1, Product=2, SerialNumber=0
[   55.684897] usb 2-1.2: Product: USB Optical Mouse
[   55.684911] usb 2-1.2: Manufacturer: PixArt
[   55.713856] input: PixArt USB Optical Mouse as /devices/platform/30080000.usb/usb2/2-1/2-1.2/2-1.2:1.0/0003:093A:2510.0001/input/input1
[   55.716432] hid-generic 0003:093A:2510.0001: input,hidraw0: USB HID v1.11 Mouse [PixArt USB Optical Mouse] on usb-30080000.usb-1.2/input0
[   55.718064] dwmmc_rockchip 30010000.dwmmc: num-slots property not found, assuming 1 slot is available
[   55.718241] dwmmc_rockchip 30010000.dwmmc: IDMAC supports 32-bit address mode.
[   55.719452] dwmmc_rockchip 30010000.dwmmc: Using internal DMA controller.
[   55.719497] dwmmc_rockchip 30010000.dwmmc: Version ID is 270a
[   55.719577] dwmmc_rockchip 30010000.dwmmc: DW MMC controller at irq 40,32 bit host data width,256 deep fifo
[   55.719694] dwmmc_rockchip 30010000.dwmmc: No vmmc regulator found
[   55.719711] dwmmc_rockchip 30010000.dwmmc: No vqmmc regulator found
[   55.719748] dwmmc_rockchip 30010000.dwmmc: GPIO lookup for consumer wp
[   55.719765] dwmmc_rockchip 30010000.dwmmc: using device tree for GPIO lookup
[   55.719788] of_get_named_gpiod_flags: can't parse 'wp-gpios' property of node '/dwmmc@30010000[0]'
[   55.719805] of_get_named_gpiod_flags: can't parse 'wp-gpio' property of node '/dwmmc@30010000[0]'
[   55.719820] dwmmc_rockchip 30010000.dwmmc: using lookup tables for GPIO lookup
[   55.719836] dwmmc_rockchip 30010000.dwmmc: lookup for GPIO wp failed
[   55.732832] dwmmc_rockchip 30010000.dwmmc: num-slots property not found, assuming 1 slot is available
[   55.733029] dwmmc_rockchip 30010000.dwmmc: IDMAC supports 32-bit address mode.
[   55.734571] dwmmc_rockchip 30010000.dwmmc: Using internal DMA controller.
[   55.734624] dwmmc_rockchip 30010000.dwmmc: Version ID is 270a
[   55.734711] dwmmc_rockchip 30010000.dwmmc: DW MMC controller at irq 40,32 bit host data width,256 deep fifo
[   55.734827] dwmmc_rockchip 30010000.dwmmc: No vmmc regulator found
[   55.734844] dwmmc_rockchip 30010000.dwmmc: No vqmmc regulator found
[   55.734884] dwmmc_rockchip 30010000.dwmmc: GPIO lookup for consumer wp
[   55.734900] dwmmc_rockchip 30010000.dwmmc: using device tree for GPIO lookup
[   55.734924] of_get_named_gpiod_flags: can't parse 'wp-gpios' property of node '/dwmmc@30010000[0]'
[   55.734943] of_get_named_gpiod_flags: can't parse 'wp-gpio' property of node '/dwmmc@30010000[0]'
[   55.734958] dwmmc_rockchip 30010000.dwmmc: using lookup tables for GPIO lookup
[   55.734974] dwmmc_rockchip 30010000.dwmmc: lookup for GPIO wp failed
[   55.810334] usb 2-1.4: new low-speed USB device number 4 using ehci-platform
[   55.927959] usb 2-1.4: New USB device found, idVendor=413c, idProduct=2107
[   55.928004] usb 2-1.4: New USB device strings: Mfr=1, Product=2, SerialNumber=0
[   55.928023] usb 2-1.4: Product: Dell USB Entry Keyboard
[   55.928038] usb 2-1.4: Manufacturer: Dell
[   55.962018] input: Dell Dell USB Entry Keyboard as /devices/platform/30080000.usb/usb2/2-1/2-1.4/2-1.4:1.0/0003:413C:2107.0002/input/input2
[   56.024382] hid-generic 0003:413C:2107.0002: input,hidraw1: USB HID v1.10 Keyboard [Dell Dell USB Entry Keyboard] on usb-30080000.usb-1.4/input0
[   56.026582] dwmmc_rockchip 30010000.dwmmc: num-slots property not found, assuming 1 slot is available
[   56.026754] dwmmc_rockchip 30010000.dwmmc: IDMAC supports 32-bit address mode.
[   56.038155] dwmmc_rockchip 30010000.dwmmc: Using internal DMA controller.
[   56.038228] dwmmc_rockchip 30010000.dwmmc: Version ID is 270a
[   56.038329] dwmmc_rockchip 30010000.dwmmc: DW MMC controller at irq 40,32 bit host data width,256 deep fifo
[   56.038458] dwmmc_rockchip 30010000.dwmmc: No vmmc regulator found
[   56.038474] dwmmc_rockchip 30010000.dwmmc: No vqmmc regulator found
[   56.038516] dwmmc_rockchip 30010000.dwmmc: GPIO lookup for consumer wp
[   56.038532] dwmmc_rockchip 30010000.dwmmc: using device tree for GPIO lookup
[   56.038556] of_get_named_gpiod_flags: can't parse 'wp-gpios' property of node '/dwmmc@30010000[0]'
[   56.038573] of_get_named_gpiod_flags: can't parse 'wp-gpio' property of node '/dwmmc@30010000[0]'
[   56.038588] dwmmc_rockchip 30010000.dwmmc: using lookup tables for GPIO lookup
[   56.038605] dwmmc_rockchip 30010000.dwmmc: lookup for GPIO wp failed
[   56.055159] dwmmc_rockchip 30010000.dwmmc: num-slots property not found, assuming 1 slot is available
[   56.055359] dwmmc_rockchip 30010000.dwmmc: IDMAC supports 32-bit address mode.
[   56.055918] dwmmc_rockchip 30010000.dwmmc: Using internal DMA controller.
[   56.055969] dwmmc_rockchip 30010000.dwmmc: Version ID is 270a
[   56.056053] dwmmc_rockchip 30010000.dwmmc: DW MMC controller at irq 40,32 bit host data width,256 deep fifo
[   56.056164] dwmmc_rockchip 30010000.dwmmc: No vmmc regulator found
[   56.056181] dwmmc_rockchip 30010000.dwmmc: No vqmmc regulator found
[   56.056219] dwmmc_rockchip 30010000.dwmmc: GPIO lookup for consumer wp
[   56.056234] dwmmc_rockchip 30010000.dwmmc: using device tree for GPIO lookup
[   56.056256] of_get_named_gpiod_flags: can't parse 'wp-gpios' property of node '/dwmmc@30010000[0]'
[   56.056275] of_get_named_gpiod_flags: can't parse 'wp-gpio' property of node '/dwmmc@30010000[0]'
[   56.056290] dwmmc_rockchip 30010000.dwmmc: using lookup tables for GPIO lookup
[   56.056307] dwmmc_rockchip 30010000.dwmmc: lookup for GPIO wp failed
[   71.175988] IPv6: ADDRCONF(NETDEV_UP): eth0: link is not ready
[   71.508136] IPv6: ADDRCONF(NETDEV_UP): eth0: link is not ready
[   76.241041] IPVS: Creating netns size=1096 id=2
[   80.644554] IPVS: Creating netns size=1096 id=3
[  117.275247] IPv6: ADDRCONF(NETDEV_UP): eth0: link is not ready
[  117.972497] IPv6: ADDRCONF(NETDEV_UP): eth0: link is not ready
[  134.629393] IPVS: Creating netns size=1096 id=4
[  163.250222] IPv6: ADDRCONF(NETDEV_UP): eth0: link is not ready
[  163.672828] IPv6: ADDRCONF(NETDEV_UP): eth0: link is not ready
[  209.201028] IPv6: ADDRCONF(NETDEV_UP): eth0: link is not ready
